---
brier_score:         0.2027
brier_95ci:          0.1985-0.2070
calibration_error:   0.0512
expected_profit_pct: 0.0
hit_rate:            0.666
sample_size:         8276
trades_taken:        0
elapsed_seconds:     0.1
commit:              060047a
use_stat_space:      False
params_changed:      MATCHUP_MULTIPLIER, VENUE_MULTIPLIER, VENUE_CAP, B2B_PENALTY, RECENCY_WEIGHT_LAST5, RECENCY_WEIGHT_LAST10
---

Per-stat breakdown:
                       stat    brier    hit   profit%      n
  -------------------------  -------  -----  --------  -----
                    assists  0.2090  0.666      0.0%   1010
                     blocks  0.1174  0.826      0.0%    582
                     points  0.2532  0.534      0.0%   1074
    points+rebounds+assists  0.2520  0.531      0.0%   1074
                   rebounds  0.2093  0.686      0.0%   1063
           rebounds+assists  0.2398  0.617      0.0%   1074
                     steals  0.1439  0.755      0.0%    703
             three_pointers  0.1649  0.757      0.0%    787
                  turnovers  0.1593  0.770      0.0%    909
